
> qcut@1.0.0 test
> vitest --run

node.exe : [2m10:24:20 p. 
m.[22m 
[33m[1m[vite][22m[39m 
[33mwarning: `esbuild` 
option was specified by 
"vite:react-babel" plugin. 
This option is deprecated, 
please use `oxc` 
instead.[39m
En línea: 1 Carácter: 1
+ & "C:\Program 
Files\nodejs/node.exe" 
"C:\Program 
Files\nodejs/node_mo ...
+ ~~~~~~~~~~~~~~~~~~~~~~~~~
~~~~~~~~~~~~~~~~~~~~~~~~~~~
~~~~~~~~~~~~~~~~~
    + CategoryInfo         
     : NotSpecified: ([2  
  m10:24:20 p....` inste   
 ad.[39m:String) [], R    
emoteException
    + FullyQualifiedErrorI 
   d : NativeCommandError
 
`optimizeDeps.rollupOptions
` / `ssr.optimizeDeps.rollu
pOptions` is deprecated. 
Use `optimizeDeps.rolldownO
ptions` instead. Note that 
this option may be set by 
a plugin. Set 
VITE_DEPRECATION_TRACE=1 
to see where it is called.
[33mBoth esbuild and oxc 
options were set. oxc 
options will be used and 
esbuild options will be 
ignored.[39m The 
following esbuild options 
were set: `{ jsx: 
'automatic', 
jsxImportSource: undefined 
}`
[vite:react-babel] We 
recommend switching to 
`@vitejs/plugin-react-oxc` 
for improved performance. 
More information at 
https://vite.dev/rolldown

[1m[46m RUN [49m[22m [36mv4.1.2 [39m[90mC:/Users/kaile/Downloads/Qcut-main[39m

 [31mÔØ»[39m src/utils/blockDateUtils.test.js [2m([22m[2m0 test[22m[2m)[22m
 [31mÔØ»[39m src/firebase/appointmentConfirmation.callables.test.js [2m([22m[2m0 test[22m[2m)[22m
 [31mÔØ»[39m src/utils/confirmationToken.test.js [2m([22m[2m0 test[22m[2m)[22m

[31mÔÄ»ÔÄ»ÔÄ»ÔÄ»ÔÄ»ÔÄ»[39
m[1m[41m Failed Suites 3 
[49m[22m[31mÔÄ»ÔÄ»ÔÄ»ÔÄ»
ÔÄ»ÔÄ»ÔÄ»[39m

[41m[1m FAIL [22m[49m s
rc/firebase/appointmentConf
irmation.callables.test.js
[2m [ src/firebase/appointm
entConfirmation.callables.t
est.js ][22m
[41m[1m FAIL [22m[49m s
rc/utils/blockDateUtils.tes
t.js[2m [ src/utils/blockD
ateUtils.test.js ][22m
[41m[1m FAIL [22m[49m s
rc/utils/confirmationToken.
test.js[2m [ src/utils/con
firmationToken.test.js 
][22m
[31m[1mRolldownError[22m
: Parse failure: Parse 
failed with 1 error:
Cannot assign to this 
expression
15:  */
16: if (typeof 
Object.assign(/* istanbul 
ignore next */ globalThis._
_vitest_worker__?.metaEnv 
?? import.meta.env) === 
'un...
17:   Object.assign(/* 
istanbul ignore next */ glo
balThis.__vitest_worker__?.
metaEnv ?? 
import.meta.env) = {};
      ^
18: }
19: Object.assign(Object.as
sign(/* istanbul ignore 
next */ globalThis.__vitest
_worker__?.metaEnv ?? 
import.meta.env), pro...
At file: /src/test/setup.js
:17:2[39m
  File: [36m/src/test/setu
p.js[39m:17:2
[33m  15 |   */
  16 |  if (typeof 
Object.assign(/* istanbul 
ignore next */ globalThis._
_vitest_worker__?.metaEnv 
?? import.meta.env) === 
'un...
  17 |    Object.assign(/* 
istanbul ignore next */ glo
balThis.__vitest_worker__?.
metaEnv ?? 
import.meta.env) = {};
     |                    ^
  18 |  }
  19 |  Object.assign(Objec
t.assign(/* istanbul 
ignore next */ globalThis._
_vitest_worker__?.metaEnv 
?? import.meta.env), 
pro...[39m
[90m [2mÔØ»[22m error no
de_modules/rolldown/dist/sh
ared/logs-D80CXhvg.mjs:[2m
147:24[22m[39m
[90m [2mÔØ»[22m 
normalizeParseError node_mo
dules/rolldown/dist/parse-a
st-index.mjs:[2m25:9[22m
[39m
[90m [2mÔØ»[22m wrap nod
e_modules/rolldown/dist/par
se-ast-index.mjs:[2m5:39[
22m[39m
[90m [2mÔØ»[22m 
parseAstAsync node_modules/
rolldown/dist/parse-ast-ind
ex.mjs:[2m54:9[22m[39m
[90m [2mÔØ»[22m 
ssrTransformScript node_mod
ules/vite/dist/node/chunks/
node.js:[2m11073:9[22m[3
9m
[90m [2mÔØ»[22m 
loadAndTransform node_modul
es/vite/dist/node/chunks/no
de.js:[2m24211:64[22m[39
m

[31m[2mÔÄ»ÔÄ»ÔÄ»ÔÄ»ÔÄ»ÔÄ»
ÔÄ»ÔÄ»ÔÄ»ÔÄ»ÔÄ»ÔÄ»ÔÄ»ÔÄ»ÔÄ»
ÔÄ»ÔÄ»ÔÄ»ÔÄ»ÔÄ»ÔÄ»ÔÄ»ÔÄ»ÔÄ»
[1/3]ÔÄ»[22m[39m


[2m Test Files [22m [1m[31m3 failed[39m[22m[90m (3)[39m
[2m      Tests [22m [2mno tests[22m
[2m   Start at [22m 22:24:20
[2m   Duration [22m 819ms[2m (transform 0ms, setup 0ms, import 0ms, tests 0ms, environment 1.69s)[22m

